2026-05-16 18:08:44,331 - ERROR - Dashboard search crash: name 'VaultManager' is not defined
2026-05-16 18:08:46,757 - ERROR - Dashboard search crash: name 'VaultManager' is not defined
2026-05-16 18:08:49,345 - ERROR - Dashboard search crash: name 'VaultManager' is not defined
2026-05-16 18:08:49,815 - ERROR - Dashboard search crash: name 'VaultManager' is not defined
2026-05-16 18:08:49,992 - ERROR - Dashboard search crash: name 'VaultManager' is not defined
2026-05-16 18:19:08,491 - ERROR - Auto-Mastering critical failure: status: error
2026-05-16 18:19:08,505 - ERROR - Vault storage critical failure: invalid literal for int() with base 10: 'Veri'
2026-05-16 18:19:08,514 - ERROR - Vaulting failure for Jackson 5 - I Want You Back [Diana Ross Presents The Jackson 5].mp3: invalid literal for int() with base 10: 'Veri'
2026-05-16 18:27:55,401 - ERROR - Auto-Mastering critical failure: status: error
2026-05-16 18:31:53,423 - ERROR - Auto-Mastering critical failure: status: error
2026-05-16 18:38:07,136 - ERROR - Dashboard search crash: '<' not supported between instances of 'NoneType' and 'str'
2026-05-16 18:42:00,169 - ERROR - Dashboard search crash: '<' not supported between instances of 'NoneType' and 'str'
2026-05-16 18:42:02,095 - ERROR - Dashboard search crash: '<' not supported between instances of 'NoneType' and 'str'
2026-05-16 18:42:02,525 - ERROR - Dashboard search crash: '<' not supported between instances of 'NoneType' and 'str'
2026-05-16 18:44:38,398 - ERROR - Dashboard search crash: '<' not supported between instances of 'NoneType' and 'str'
2026-05-16 18:47:05,493 - ERROR - Dashboard search crash: '<' not supported between instances of 'NoneType' and 'str'
2026-05-16 18:52:50,687 - ERROR - Dashboard search crash: '<' not supported between instances of 'NoneType' and 'str'
2026-05-16 20:33:35,106 - ERROR - Validation failed for https://www.youtube.com/watch?v=tk2eUGG-fMM: [debug] Command-line config: ['--cookies-from-browser', 'chrome', '-j', '--flat-playlist', 'https://www.youtube.com/watch?v=tk2eUGG-fMM']
[debug] User config "C:\Users\chito\AppData\Roaming\yt-dlp\config": ['--paths', 'temp:C:fmp_temp', '--verbose', '--no-check-certificate', '--prefer-free-formats', '--add-metadata']
[debug] Encodings: locale utf-8, fs utf-8, pref utf-8, out utf-8 (No ANSI), error utf-8 (No ANSI), screen utf-8 (No ANSI)
[debug] yt-dlp version stable@2026.03.17 from yt-dlp/yt-dlp [04d6974f5] (pip)
[debug] Python 3.13.7 (CPython AMD64 64bit) - Windows-11-10.0.26200-SP0 (OpenSSL 3.0.16 11 Feb 2025)
[debug] exe versions: ffmpeg n8.0-ffmpeg-windows-build-helpers (fdk,setts), ffprobe n8.0-ffmpeg-windows-build-helpers
[debug] Optional libraries: certifi-2026.04.22, mutagen-1.47.0, requests-2.33.1, sqlite3-3.50.4, urllib3-2.6.3
[debug] JS runtimes: deno-2.7.11
[debug] Proxy map: {}
Extracting cookies from chrome
[debug] Extracting cookies from: "C:\Users\chito\AppData\Local\Google\Chrome\User Data\Default\Network\Cookies"
ERROR: Could not copy Chrome cookie database. See  https://github.com/yt-dlp/yt-dlp/issues/7271  for more info
Traceback (most recent call last):
  File "C:\Users\chito\AppData\Local\Programs\Python\Python313\Lib\site-packages\yt_dlp\cookies.py", line 324, in _extract_chrome_cookies
    cursor = _open_database_copy(cookie_database_path, tmpdir)
  File "C:\Users\chito\AppData\Local\Programs\Python\Python313\Lib\site-packages\yt_dlp\cookies.py", line 1115, in _open_database_copy
    shutil.copy(database_path, database_copy_path)
    ~~~~~~~~~~~^^^^^^^^^^^^^^^^^^^^^^^^^^^^^^^^^^^
  File "C:\Users\chito\AppData\Local\Programs\Python\Python313\Lib\shutil.py", line 428, in copy
    copyfile(src, dst, follow_symlinks=follow_symlinks)
    ~~~~~~~~^^^^^^^^^^^^^^^^^^^^^^^^^^^^^^^^^^^^^^^^^^^
  File "C:\Users\chito\AppData\Local\Programs\Python\Python313\Lib\shutil.py", line 260, in copyfile
    with open(src, 'rb') as fsrc:
         ~~~~^^^^^^^^^^^
PermissionError: [Errno 13] Permission denied: 'C:\\Users\\chito\\AppData\\Local\\Google\\Chrome\\User Data\\Default\\Network\\Cookies'

ERROR: Could not copy Chrome cookie database. See  https://github.com/yt-dlp/yt-dlp/issues/7271  for more info
Traceback (most recent call last):
  File "C:\Users\chito\AppData\Local\Programs\Python\Python313\Lib\site-packages\yt_dlp\cookies.py", line 324, in _extract_chrome_cookies
    cursor = _open_database_copy(cookie_database_path, tmpdir)
  File "C:\Users\chito\AppData\Local\Programs\Python\Python313\Lib\site-packages\yt_dlp\cookies.py", line 1115, in _open_database_copy
    shutil.copy(database_path, database_copy_path)
    ~~~~~~~~~~~^^^^^^^^^^^^^^^^^^^^^^^^^^^^^^^^^^^
  File "C:\Users\chito\AppData\Local\Programs\Python\Python313\Lib\shutil.py", line 428, in copy
    copyfile(src, dst, follow_symlinks=follow_symlinks)
    ~~~~~~~~^^^^^^^^^^^^^^^^^^^^^^^^^^^^^^^^^^^^^^^^^^^
  File "C:\Users\chito\AppData\Local\Programs\Python\Python313\Lib\shutil.py", line 260, in copyfile
    with open(src, 'rb') as fsrc:
         ~~~~^^^^^^^^^^^
PermissionError: [Errno 13] Permission denied: 'C:\\Users\\chito\\AppData\\Local\\Google\\Chrome\\User Data\\Default\\Network\\Cookies'

During handling of the above exception, another exception occurred:

Traceback (most recent call last):
  File "C:\Users\chito\AppData\Local\Programs\Python\Python313\Lib\site-packages\yt_dlp\cookies.py", line 99, in load_cookies
    extract_cookies_from_browser(browser_name, profile, YDLLogger(ydl), keyring=keyring, container=container))
    ~~~~~~~~~~~~~~~~~~~~~~~~~~~~^^^^^^^^^^^^^^^^^^^^^^^^^^^^^^^^^^^^^^^^^^^^^^^^^^^^^^^^^^^^^^^^^^^^^^^^^^^^^
  File "C:\Users\chito\AppData\Local\Programs\Python\Python313\Lib\site-packages\yt_dlp\cookies.py", line 122, in extract_cookies_from_browser
    return _extract_chrome_cookies(browser_name, profile, keyring, logger)
  File "C:\Users\chito\AppData\Local\Programs\Python\Python313\Lib\site-packages\yt_dlp\cookies.py", line 365, in _extract_chrome_cookies
    raise DownloadError(message)  # force exit
    ^^^^^^^^^^^^^^^^^^^^^^^^^^^^
yt_dlp.utils.DownloadError: Could not copy Chrome cookie database. See  https://github.com/yt-dlp/yt-dlp/issues/7271  for more info


2026-05-16 20:33:38,945 - ERROR - Fallback download failed: Command '['yt-dlp', '--cookies-from-browser', 'chrome', '-x', '--audio-format', 'mp3', '--audio-quality', '0', '-o', 'C:\\FMP_Ultimate\\staging\\20260516_203332/%(title)s.%(ext)s', 'https://www.youtube.com/watch?v=tk2eUGG-fMM']' returned non-zero exit status 1.
2026-05-16 20:33:38,945 - ERROR - Fallback download failed: Command '['yt-dlp', '--cookies-from-browser', 'chrome', '-x', '--audio-format', 'mp3', '--audio-quality', '0', '-o', 'C:\\FMP_Ultimate\\staging\\20260516_203332/%(title)s.%(ext)s', 'https://www.youtube.com/watch?v=tk2eUGG-fMM']' returned non-zero exit status 1.
2026-05-16 20:34:55,938 - ERROR - Validation failed for https://www.youtube.com/watch?v=tk2eUGG-fMM: [debug] Command-line config: ['--cookies-from-browser', 'chrome', '-j', '--flat-playlist', 'https://www.youtube.com/watch?v=tk2eUGG-fMM']
[debug] User config "C:\Users\chito\AppData\Roaming\yt-dlp\config": ['--paths', 'temp:C:fmp_temp', '--verbose', '--no-check-certificate', '--prefer-free-formats', '--add-metadata']
[debug] Encodings: locale utf-8, fs utf-8, pref utf-8, out utf-8 (No ANSI), error utf-8 (No ANSI), screen utf-8 (No ANSI)
[debug] yt-dlp version stable@2026.03.17 from yt-dlp/yt-dlp [04d6974f5] (pip)
[debug] Python 3.13.7 (CPython AMD64 64bit) - Windows-11-10.0.26200-SP0 (OpenSSL 3.0.16 11 Feb 2025)
[debug] exe versions: ffmpeg n8.0-ffmpeg-windows-build-helpers (fdk,setts), ffprobe n8.0-ffmpeg-windows-build-helpers
[debug] Optional libraries: certifi-2026.04.22, mutagen-1.47.0, requests-2.33.1, sqlite3-3.50.4, urllib3-2.6.3
[debug] JS runtimes: deno-2.7.11
[debug] Proxy map: {}
Extracting cookies from chrome
[debug] Extracting cookies from: "C:\Users\chito\AppData\Local\Google\Chrome\User Data\Default\Network\Cookies"
[debug] Found local state file at "C:\Users\chito\AppData\Local\Google\Chrome\User Data\Local State"
ERROR: Failed to decrypt with DPAPI. See  https://github.com/yt-dlp/yt-dlp/issues/10927  for more info
  File "<frozen runpy>", line 198, in _run_module_as_main
  File "<frozen runpy>", line 88, in _run_code
  File "C:\Users\chito\AppData\Local\Programs\Python\Python313\Scripts\yt-dlp.exe\__main__.py", line 5, in <module>
    sys.exit(main())
  File "C:\Users\chito\AppData\Local\Programs\Python\Python313\Lib\site-packages\yt_dlp\__init__.py", line 1079, in main
    _exit(*variadic(_real_main(argv)))
  File "C:\Users\chito\AppData\Local\Programs\Python\Python313\Lib\site-packages\yt_dlp\__init__.py", line 981, in _real_main
    with YoutubeDL(ydl_opts) as ydl:
  File "C:\Users\chito\AppData\Local\Programs\Python\Python313\Lib\site-packages\sitecustomize.py", line 41, in hardened_init
    original_init(self, *args, **kwargs)
  File "C:\Users\chito\AppData\Local\Programs\Python\Python313\Lib\site-packages\yt_dlp\YoutubeDL.py", line 747, in __init__
    self.print_debug_header()
  File "C:\Users\chito\AppData\Local\Programs\Python\Python313\Lib\site-packages\yt_dlp\YoutubeDL.py", line 4139, in print_debug_header
    write_debug(f'Request Handlers: {", ".join(rh.RH_NAME for rh in self._request_director.handlers.values())}')
  File "C:\Users\chito\AppData\Local\Programs\Python\Python313\Lib\functools.py", line 1026, in __get__
    val = self.func(instance)
  File "C:\Users\chito\AppData\Local\Programs\Python\Python313\Lib\site-packages\yt_dlp\YoutubeDL.py", line 4340, in _request_director
    return self.build_request_director(_REQUEST_HANDLERS.values(), _RH_PREFERENCES)
  File "C:\Users\chito\AppData\Local\Programs\Python\Python313\Lib\site-packages\yt_dlp\YoutubeDL.py", line 4315, in build_request_director
    cookiejar=self.cookiejar,
  File "C:\Users\chito\AppData\Local\Programs\Python\Python313\Lib\functools.py", line 1026, in __get__
    val = self.func(instance)
  File "C:\Users\chito\AppData\Local\Programs\Python\Python313\Lib\site-packages\yt_dlp\YoutubeDL.py", line 4182, in cookiejar
    return load_cookies(
  File "C:\Users\chito\AppData\Local\Programs\Python\Python313\Lib\site-packages\yt_dlp\cookies.py", line 99, in load_cookies
    extract_cookies_from_browser(browser_name, profile, YDLLogger(ydl), keyring=keyring, container=container))
  File "C:\Users\chito\AppData\Local\Programs\Python\Python313\Lib\site-packages\yt_dlp\cookies.py", line 122, in extract_cookies_from_browser
    return _extract_chrome_cookies(browser_name, profile, keyring, logger)
  File "C:\Users\chito\AppData\Local\Programs\Python\Python313\Lib\site-packages\yt_dlp\cookies.py", line 345, in _extract_chrome_cookies
    is_encrypted, cookie = _process_chrome_cookie(decryptor, *line)
  File "C:\Users\chito\AppData\Local\Programs\Python\Python313\Lib\site-packages\yt_dlp\cookies.py", line 380, in _process_chrome_cookie
    value = decryptor.decrypt(encrypted_value)
  File "C:\Users\chito\AppData\Local\Programs\Python\Python313\Lib\site-packages\yt_dlp\cookies.py", line 565, in decrypt
    return _decrypt_windows_dpapi(encrypted_value, self._logger).decode()
  File "C:\Users\chito\AppData\Local\Programs\Python\Python313\Lib\site-packages\yt_dlp\cookies.py", line 1100, in _decrypt_windows_dpapi
    logger.error(message)
  File "C:\Users\chito\AppData\Local\Programs\Python\Python313\Lib\site-packages\yt_dlp\utils\_utils.py", line 5691, in error
    self._ydl.report_error(message, is_error=is_error)
  File "C:\Users\chito\AppData\Local\Programs\Python\Python313\Lib\site-packages\yt_dlp\YoutubeDL.py", line 1154, in report_error
    self.trouble(f'{self._format_err("ERROR:", self.Styles.ERROR)} {message}', *args, **kwargs)
  File "C:\Users\chito\AppData\Local\Programs\Python\Python313\Lib\site-packages\yt_dlp\YoutubeDL.py", line 1082, in trouble
    tb_data = traceback.format_list(traceback.extract_stack())

ERROR: Failed to decrypt with DPAPI. See  https://github.com/yt-dlp/yt-dlp/issues/10927  for more info
Traceback (most recent call last):
  File "C:\Users\chito\AppData\Local\Programs\Python\Python313\Lib\site-packages\yt_dlp\cookies.py", line 99, in load_cookies
    extract_cookies_from_browser(browser_name, profile, YDLLogger(ydl), keyring=keyring, container=container))
    ~~~~~~~~~~~~~~~~~~~~~~~~~~~~^^^^^^^^^^^^^^^^^^^^^^^^^^^^^^^^^^^^^^^^^^^^^^^^^^^^^^^^^^^^^^^^^^^^^^^^^^^^^
  File "C:\Users\chito\AppData\Local\Programs\Python\Python313\Lib\site-packages\yt_dlp\cookies.py", line 122, in extract_cookies_from_browser
    return _extract_chrome_cookies(browser_name, profile, keyring, logger)
  File "C:\Users\chito\AppData\Local\Programs\Python\Python313\Lib\site-packages\yt_dlp\cookies.py", line 345, in _extract_chrome_cookies
    is_encrypted, cookie = _process_chrome_cookie(decryptor, *line)
                           ~~~~~~~~~~~~~~~~~~~~~~^^^^^^^^^^^^^^^^^^
  File "C:\Users\chito\AppData\Local\Programs\Python\Python313\Lib\site-packages\yt_dlp\cookies.py", line 380, in _process_chrome_cookie
    value = decryptor.decrypt(encrypted_value)
  File "C:\Users\chito\AppData\Local\Programs\Python\Python313\Lib\site-packages\yt_dlp\cookies.py", line 565, in decrypt
    return _decrypt_windows_dpapi(encrypted_value, self._logger).decode()
           ~~~~~~~~~~~~~~~~~~~~~~^^^^^^^^^^^^^^^^^^^^^^^^^^^^^^^
  File "C:\Users\chito\AppData\Local\Programs\Python\Python313\Lib\site-packages\yt_dlp\cookies.py", line 1101, in _decrypt_windows_dpapi
    raise DownloadError(message)  # force exit
    ^^^^^^^^^^^^^^^^^^^^^^^^^^^^
yt_dlp.utils.DownloadError: Failed to decrypt with DPAPI. See  https://github.com/yt-dlp/yt-dlp/issues/10927  for more info


2026-05-16 20:34:55,938 - ERROR - Validation failed for https://www.youtube.com/watch?v=tk2eUGG-fMM: [debug] Command-line config: ['--cookies-from-browser', 'chrome', '-j', '--flat-playlist', 'https://www.youtube.com/watch?v=tk2eUGG-fMM']
[debug] User config "C:\Users\chito\AppData\Roaming\yt-dlp\config": ['--paths', 'temp:C:fmp_temp', '--verbose', '--no-check-certificate', '--prefer-free-formats', '--add-metadata']
[debug] Encodings: locale utf-8, fs utf-8, pref utf-8, out utf-8 (No ANSI), error utf-8 (No ANSI), screen utf-8 (No ANSI)
[debug] yt-dlp version stable@2026.03.17 from yt-dlp/yt-dlp [04d6974f5] (pip)
[debug] Python 3.13.7 (CPython AMD64 64bit) - Windows-11-10.0.26200-SP0 (OpenSSL 3.0.16 11 Feb 2025)
[debug] exe versions: ffmpeg n8.0-ffmpeg-windows-build-helpers (fdk,setts), ffprobe n8.0-ffmpeg-windows-build-helpers
[debug] Optional libraries: certifi-2026.04.22, mutagen-1.47.0, requests-2.33.1, sqlite3-3.50.4, urllib3-2.6.3
[debug] JS runtimes: deno-2.7.11
[debug] Proxy map: {}
Extracting cookies from chrome
[debug] Extracting cookies from: "C:\Users\chito\AppData\Local\Google\Chrome\User Data\Default\Network\Cookies"
[debug] Found local state file at "C:\Users\chito\AppData\Local\Google\Chrome\User Data\Local State"
ERROR: Failed to decrypt with DPAPI. See  https://github.com/yt-dlp/yt-dlp/issues/10927  for more info
  File "<frozen runpy>", line 198, in _run_module_as_main
  File "<frozen runpy>", line 88, in _run_code
  File "C:\Users\chito\AppData\Local\Programs\Python\Python313\Scripts\yt-dlp.exe\__main__.py", line 5, in <module>
    sys.exit(main())
  File "C:\Users\chito\AppData\Local\Programs\Python\Python313\Lib\site-packages\yt_dlp\__init__.py", line 1079, in main
    _exit(*variadic(_real_main(argv)))
  File "C:\Users\chito\AppData\Local\Programs\Python\Python313\Lib\site-packages\yt_dlp\__init__.py", line 981, in _real_main
    with YoutubeDL(ydl_opts) as ydl:
  File "C:\Users\chito\AppData\Local\Programs\Python\Python313\Lib\site-packages\sitecustomize.py", line 41, in hardened_init
    original_init(self, *args, **kwargs)
  File "C:\Users\chito\AppData\Local\Programs\Python\Python313\Lib\site-packages\yt_dlp\YoutubeDL.py", line 747, in __init__
    self.print_debug_header()
  File "C:\Users\chito\AppData\Local\Programs\Python\Python313\Lib\site-packages\yt_dlp\YoutubeDL.py", line 4139, in print_debug_header
    write_debug(f'Request Handlers: {", ".join(rh.RH_NAME for rh in self._request_director.handlers.values())}')
  File "C:\Users\chito\AppData\Local\Programs\Python\Python313\Lib\functools.py", line 1026, in __get__
    val = self.func(instance)
  File "C:\Users\chito\AppData\Local\Programs\Python\Python313\Lib\site-packages\yt_dlp\YoutubeDL.py", line 4340, in _request_director
    return self.build_request_director(_REQUEST_HANDLERS.values(), _RH_PREFERENCES)
  File "C:\Users\chito\AppData\Local\Programs\Python\Python313\Lib\site-packages\yt_dlp\YoutubeDL.py", line 4315, in build_request_director
    cookiejar=self.cookiejar,
  File "C:\Users\chito\AppData\Local\Programs\Python\Python313\Lib\functools.py", line 1026, in __get__
    val = self.func(instance)
  File "C:\Users\chito\AppData\Local\Programs\Python\Python313\Lib\site-packages\yt_dlp\YoutubeDL.py", line 4182, in cookiejar
    return load_cookies(
  File "C:\Users\chito\AppData\Local\Programs\Python\Python313\Lib\site-packages\yt_dlp\cookies.py", line 99, in load_cookies
    extract_cookies_from_browser(browser_name, profile, YDLLogger(ydl), keyring=keyring, container=container))
  File "C:\Users\chito\AppData\Local\Programs\Python\Python313\Lib\site-packages\yt_dlp\cookies.py", line 122, in extract_cookies_from_browser
    return _extract_chrome_cookies(browser_name, profile, keyring, logger)
  File "C:\Users\chito\AppData\Local\Programs\Python\Python313\Lib\site-packages\yt_dlp\cookies.py", line 345, in _extract_chrome_cookies
    is_encrypted, cookie = _process_chrome_cookie(decryptor, *line)
  File "C:\Users\chito\AppData\Local\Programs\Python\Python313\Lib\site-packages\yt_dlp\cookies.py", line 380, in _process_chrome_cookie
    value = decryptor.decrypt(encrypted_value)
  File "C:\Users\chito\AppData\Local\Programs\Python\Python313\Lib\site-packages\yt_dlp\cookies.py", line 565, in decrypt
    return _decrypt_windows_dpapi(encrypted_value, self._logger).decode()
  File "C:\Users\chito\AppData\Local\Programs\Python\Python313\Lib\site-packages\yt_dlp\cookies.py", line 1100, in _decrypt_windows_dpapi
    logger.error(message)
  File "C:\Users\chito\AppData\Local\Programs\Python\Python313\Lib\site-packages\yt_dlp\utils\_utils.py", line 5691, in error
    self._ydl.report_error(message, is_error=is_error)
  File "C:\Users\chito\AppData\Local\Programs\Python\Python313\Lib\site-packages\yt_dlp\YoutubeDL.py", line 1154, in report_error
    self.trouble(f'{self._format_err("ERROR:", self.Styles.ERROR)} {message}', *args, **kwargs)
  File "C:\Users\chito\AppData\Local\Programs\Python\Python313\Lib\site-packages\yt_dlp\YoutubeDL.py", line 1082, in trouble
    tb_data = traceback.format_list(traceback.extract_stack())

ERROR: Failed to decrypt with DPAPI. See  https://github.com/yt-dlp/yt-dlp/issues/10927  for more info
Traceback (most recent call last):
  File "C:\Users\chito\AppData\Local\Programs\Python\Python313\Lib\site-packages\yt_dlp\cookies.py", line 99, in load_cookies
    extract_cookies_from_browser(browser_name, profile, YDLLogger(ydl), keyring=keyring, container=container))
    ~~~~~~~~~~~~~~~~~~~~~~~~~~~~^^^^^^^^^^^^^^^^^^^^^^^^^^^^^^^^^^^^^^^^^^^^^^^^^^^^^^^^^^^^^^^^^^^^^^^^^^^^^
  File "C:\Users\chito\AppData\Local\Programs\Python\Python313\Lib\site-packages\yt_dlp\cookies.py", line 122, in extract_cookies_from_browser
    return _extract_chrome_cookies(browser_name, profile, keyring, logger)
  File "C:\Users\chito\AppData\Local\Programs\Python\Python313\Lib\site-packages\yt_dlp\cookies.py", line 345, in _extract_chrome_cookies
    is_encrypted, cookie = _process_chrome_cookie(decryptor, *line)
                           ~~~~~~~~~~~~~~~~~~~~~~^^^^^^^^^^^^^^^^^^
  File "C:\Users\chito\AppData\Local\Programs\Python\Python313\Lib\site-packages\yt_dlp\cookies.py", line 380, in _process_chrome_cookie
    value = decryptor.decrypt(encrypted_value)
  File "C:\Users\chito\AppData\Local\Programs\Python\Python313\Lib\site-packages\yt_dlp\cookies.py", line 565, in decrypt
    return _decrypt_windows_dpapi(encrypted_value, self._logger).decode()
           ~~~~~~~~~~~~~~~~~~~~~~^^^^^^^^^^^^^^^^^^^^^^^^^^^^^^^
  File "C:\Users\chito\AppData\Local\Programs\Python\Python313\Lib\site-packages\yt_dlp\cookies.py", line 1101, in _decrypt_windows_dpapi
    raise DownloadError(message)  # force exit
    ^^^^^^^^^^^^^^^^^^^^^^^^^^^^
yt_dlp.utils.DownloadError: Failed to decrypt with DPAPI. See  https://github.com/yt-dlp/yt-dlp/issues/10927  for more info


2026-05-16 20:34:59,684 - ERROR - Fallback download failed: Command '['yt-dlp', '--cookies-from-browser', 'chrome', '-x', '--audio-format', 'mp3', '--audio-quality', '0', '-o', 'C:\\FMP_Ultimate\\staging\\20260516_203453/%(title)s.%(ext)s', 'https://www.youtube.com/watch?v=tk2eUGG-fMM']' returned non-zero exit status 1.
2026-05-16 20:34:59,684 - ERROR - Fallback download failed: Command '['yt-dlp', '--cookies-from-browser', 'chrome', '-x', '--audio-format', 'mp3', '--audio-quality', '0', '-o', 'C:\\FMP_Ultimate\\staging\\20260516_203453/%(title)s.%(ext)s', 'https://www.youtube.com/watch?v=tk2eUGG-fMM']' returned non-zero exit status 1.
2026-05-16 20:44:36,612 - ERROR - Validation failed for https://www.youtube.com/watch?v=tk2eUGG-fMM: [debug] Command-line config: ['--cookies-from-browser', 'firefox', '-j', '--flat-playlist', 'https://www.youtube.com/watch?v=tk2eUGG-fMM']
[debug] User config "C:\Users\chito\AppData\Roaming\yt-dlp\config": ['--paths', 'temp:C:fmp_temp', '--verbose', '--no-check-certificate', '--prefer-free-formats', '--add-metadata']
[debug] Encodings: locale utf-8, fs utf-8, pref utf-8, out utf-8 (No ANSI), error utf-8 (No ANSI), screen utf-8 (No ANSI)
[debug] yt-dlp version stable@2026.03.17 from yt-dlp/yt-dlp [04d6974f5] (pip)
[debug] Python 3.13.7 (CPython AMD64 64bit) - Windows-11-10.0.26200-SP0 (OpenSSL 3.0.16 11 Feb 2025)
[debug] exe versions: ffmpeg n8.0-ffmpeg-windows-build-helpers (fdk,setts), ffprobe n8.0-ffmpeg-windows-build-helpers
[debug] Optional libraries: certifi-2026.04.22, mutagen-1.47.0, requests-2.33.1, sqlite3-3.50.4, urllib3-2.6.3
[debug] JS runtimes: deno-2.7.11
[debug] Proxy map: {}
Extracting cookies from firefox
[debug] Extracting cookies from: "C:\Users\chito\AppData\Roaming\Mozilla\Firefox\Profiles\396w9658.default-release\cookies.sqlite"
[debug] Firefox cookies database version: 17
Extracted 42 cookies from firefox
[debug] Request Handlers: urllib, requests
[debug] Plugin directories: none
[debug] Loaded 1864 extractors
[debug] [youtube] Found YouTube account cookies
[debug] [youtube] [pot] PO Token Providers: none
[debug] [youtube] [pot] PO Token Cache Providers: memory
[debug] [youtube] [pot] PO Token Cache Spec Providers: webpo
[debug] [youtube] [jsc] JS Challenge Providers: bun (unavailable), deno, node (unavailable), quickjs (unavailable)
[youtube] Extracting URL: https://www.youtube.com/watch?v=tk2eUGG-fMM
[youtube] tk2eUGG-fMM: Downloading webpage
[debug] [youtube] Detected YouTube Premium subscription
[debug] [youtube] Forcing "main" player JS variant for player 2d01abf7
        original url = /s/player/2d01abf7/player_es6.vflset/en_US/base.js
[youtube] tk2eUGG-fMM: Downloading tv downgraded player API JSON
[debug] [youtube] tk2eUGG-fMM: tv_downgraded player response playability status: ERROR
[youtube] tk2eUGG-fMM: Downloading web creator client config
[debug] [youtube] tk2eUGG-fMM: Detected experiment to bind GVS PO Token to video ID for web_creator client
[youtube] tk2eUGG-fMM: Downloading player 2d01abf7-main
[youtube] tk2eUGG-fMM: Downloading web creator player API JSON
[debug] [youtube] tk2eUGG-fMM: web_creator player response playability status: ERROR
ERROR: [youtube] tk2eUGG-fMM: Video unavailable
  File "C:\Users\chito\AppData\Local\Programs\Python\Python313\Lib\site-packages\yt_dlp\extractor\common.py", line 765, in extract
    ie_result = self._real_extract(url)
  File "C:\Users\chito\AppData\Local\Programs\Python\Python313\Lib\site-packages\yt_dlp\extractor\youtube\_video.py", line 4061, in _real_extract
    self.raise_no_formats(reason, expected=True)
    ~~~~~~~~~~~~~~~~~~~~~^^^^^^^^^^^^^^^^^^^^^^^
  File "C:\Users\chito\AppData\Local\Programs\Python\Python313\Lib\site-packages\yt_dlp\extractor\common.py", line 1277, in raise_no_formats
    raise ExtractorError(msg, expected=expected, video_id=video_id)


2026-05-16 20:44:40,840 - ERROR - Fallback download failed: Command '['yt-dlp', '--cookies-from-browser', 'firefox', '-x', '--audio-format', 'mp3', '--audio-quality', '0', '-o', 'C:\\FMP_Ultimate\\staging\\20260516_204432/%(title)s.%(ext)s', 'https://www.youtube.com/watch?v=tk2eUGG-fMM']' returned non-zero exit status 1.
2026-05-16 20:44:40,840 - ERROR - Fallback download failed: Command '['yt-dlp', '--cookies-from-browser', 'firefox', '-x', '--audio-format', 'mp3', '--audio-quality', '0', '-o', 'C:\\FMP_Ultimate\\staging\\20260516_204432/%(title)s.%(ext)s', 'https://www.youtube.com/watch?v=tk2eUGG-fMM']' returned non-zero exit status 1.
2026-05-16 20:45:58,940 - ERROR - Validation failed for https://www.youtube.com/watch?v=tk2eUGG-fMM: [debug] Command-line config: ['--cookies-from-browser', 'firefox', '-j', '--flat-playlist', 'https://www.youtube.com/watch?v=tk2eUGG-fMM']
[debug] User config "C:\Users\chito\AppData\Roaming\yt-dlp\config": ['--paths', 'temp:C:fmp_temp', '--verbose', '--no-check-certificate', '--prefer-free-formats', '--add-metadata']
[debug] Encodings: locale utf-8, fs utf-8, pref utf-8, out utf-8 (No ANSI), error utf-8 (No ANSI), screen utf-8 (No ANSI)
[debug] yt-dlp version stable@2026.03.17 from yt-dlp/yt-dlp [04d6974f5] (pip)
[debug] Python 3.13.7 (CPython AMD64 64bit) - Windows-11-10.0.26200-SP0 (OpenSSL 3.0.16 11 Feb 2025)
[debug] exe versions: ffmpeg n8.0-ffmpeg-windows-build-helpers (fdk,setts), ffprobe n8.0-ffmpeg-windows-build-helpers
[debug] Optional libraries: certifi-2026.04.22, mutagen-1.47.0, requests-2.33.1, sqlite3-3.50.4, urllib3-2.6.3
[debug] JS runtimes: deno-2.7.11
[debug] Proxy map: {}
Extracting cookies from firefox
[debug] Extracting cookies from: "C:\Users\chito\AppData\Roaming\Mozilla\Firefox\Profiles\396w9658.default-release\cookies.sqlite"
[debug] Firefox cookies database version: 17
Extracted 42 cookies from firefox
[debug] Request Handlers: urllib, requests
[debug] Plugin directories: none
[debug] Loaded 1864 extractors
[debug] [youtube] Found YouTube account cookies
[debug] [youtube] [pot] PO Token Providers: none
[debug] [youtube] [pot] PO Token Cache Providers: memory
[debug] [youtube] [pot] PO Token Cache Spec Providers: webpo
[debug] [youtube] [jsc] JS Challenge Providers: bun (unavailable), deno, node (unavailable), quickjs (unavailable)
[youtube] Extracting URL: https://www.youtube.com/watch?v=tk2eUGG-fMM
[youtube] tk2eUGG-fMM: Downloading webpage
[debug] [youtube] Detected YouTube Premium subscription
[debug] [youtube] Forcing "main" player JS variant for player 2d01abf7
        original url = /s/player/2d01abf7/player_es6.vflset/en_US/base.js
[youtube] tk2eUGG-fMM: Downloading tv downgraded player API JSON
[debug] [youtube] tk2eUGG-fMM: tv_downgraded player response playability status: ERROR
[youtube] tk2eUGG-fMM: Downloading web creator client config
[debug] [youtube] tk2eUGG-fMM: Detected experiment to bind GVS PO Token to video ID for web_creator client
[youtube] tk2eUGG-fMM: Downloading player 2d01abf7-main
[youtube] tk2eUGG-fMM: Downloading web creator player API JSON
[debug] [youtube] tk2eUGG-fMM: web_creator player response playability status: ERROR
ERROR: [youtube] tk2eUGG-fMM: Video unavailable
  File "C:\Users\chito\AppData\Local\Programs\Python\Python313\Lib\site-packages\yt_dlp\extractor\common.py", line 765, in extract
    ie_result = self._real_extract(url)
  File "C:\Users\chito\AppData\Local\Programs\Python\Python313\Lib\site-packages\yt_dlp\extractor\youtube\_video.py", line 4061, in _real_extract
    self.raise_no_formats(reason, expected=True)
    ~~~~~~~~~~~~~~~~~~~~~^^^^^^^^^^^^^^^^^^^^^^^
  File "C:\Users\chito\AppData\Local\Programs\Python\Python313\Lib\site-packages\yt_dlp\extractor\common.py", line 1277, in raise_no_formats
    raise ExtractorError(msg, expected=expected, video_id=video_id)


2026-05-16 20:46:02,953 - ERROR - Fallback download failed: Command '['yt-dlp', '--cookies-from-browser', 'firefox', '-x', '--audio-format', 'mp3', '--audio-quality', '0', '-o', 'C:\\FMP_Ultimate\\staging\\20260516_204557/%(title)s.%(ext)s', 'https://www.youtube.com/watch?v=tk2eUGG-fMM']' returned non-zero exit status 1.
2026-05-16 20:46:02,953 - ERROR - Fallback download failed: Command '['yt-dlp', '--cookies-from-browser', 'firefox', '-x', '--audio-format', 'mp3', '--audio-quality', '0', '-o', 'C:\\FMP_Ultimate\\staging\\20260516_204557/%(title)s.%(ext)s', 'https://www.youtube.com/watch?v=tk2eUGG-fMM']' returned non-zero exit status 1.
2026-05-16 20:47:41,045 - ERROR - Validation failed for https://www.youtube.com/watch?v=tk2eUGG-fMM: [debug] Command-line config: ['--cookies-from-browser', 'firefox', '--extractor-args', 'youtube:player_client=android', '-j', '--flat-playlist', 'https://www.youtube.com/watch?v=tk2eUGG-fMM']
[debug] User config "C:\Users\chito\AppData\Roaming\yt-dlp\config": ['--paths', 'temp:C:fmp_temp', '--verbose', '--no-check-certificate', '--prefer-free-formats', '--add-metadata']
[debug] Encodings: locale utf-8, fs utf-8, pref utf-8, out utf-8 (No ANSI), error utf-8 (No ANSI), screen utf-8 (No ANSI)
[debug] yt-dlp version stable@2026.03.17 from yt-dlp/yt-dlp [04d6974f5] (pip)
[debug] Python 3.13.7 (CPython AMD64 64bit) - Windows-11-10.0.26200-SP0 (OpenSSL 3.0.16 11 Feb 2025)
[debug] exe versions: ffmpeg n8.0-ffmpeg-windows-build-helpers (fdk,setts), ffprobe n8.0-ffmpeg-windows-build-helpers
[debug] Optional libraries: certifi-2026.04.22, mutagen-1.47.0, requests-2.33.1, sqlite3-3.50.4, urllib3-2.6.3
[debug] JS runtimes: deno-2.7.11
[debug] Proxy map: {}
Extracting cookies from firefox
[debug] Extracting cookies from: "C:\Users\chito\AppData\Roaming\Mozilla\Firefox\Profiles\396w9658.default-release\cookies.sqlite"
[debug] Firefox cookies database version: 17
Extracted 42 cookies from firefox
[debug] Request Handlers: urllib, requests
[debug] Plugin directories: none
[debug] Loaded 1864 extractors
[debug] [youtube] Found YouTube account cookies
[debug] [youtube] [pot] PO Token Providers: none
[debug] [youtube] [pot] PO Token Cache Providers: memory
[debug] [youtube] [pot] PO Token Cache Spec Providers: webpo
[debug] [youtube] [jsc] JS Challenge Providers: bun (unavailable), deno, node (unavailable), quickjs (unavailable)
[youtube] Extracting URL: https://www.youtube.com/watch?v=tk2eUGG-fMM
[youtube] tk2eUGG-fMM: Downloading webpage
[debug] [youtube] Detected YouTube Premium subscription
WARNING: [youtube] Skipping client "android" since it does not support cookies
ERROR: [youtube] tk2eUGG-fMM: Video unavailable
  File "C:\Users\chito\AppData\Local\Programs\Python\Python313\Lib\site-packages\yt_dlp\extractor\common.py", line 765, in extract
    ie_result = self._real_extract(url)
  File "C:\Users\chito\AppData\Local\Programs\Python\Python313\Lib\site-packages\yt_dlp\extractor\youtube\_video.py", line 4061, in _real_extract
    self.raise_no_formats(reason, expected=True)
    ~~~~~~~~~~~~~~~~~~~~~^^^^^^^^^^^^^^^^^^^^^^^
  File "C:\Users\chito\AppData\Local\Programs\Python\Python313\Lib\site-packages\yt_dlp\extractor\common.py", line 1277, in raise_no_formats
    raise ExtractorError(msg, expected=expected, video_id=video_id)


2026-05-16 20:47:44,403 - ERROR - Fallback download failed: Command '['yt-dlp', '--cookies-from-browser', 'firefox', '--extractor-args', 'youtube:player_client=android', '-x', '--audio-format', 'mp3', '--audio-quality', '0', '-o', 'C:\\FMP_Ultimate\\staging\\20260516_204739/%(title)s.%(ext)s', 'https://www.youtube.com/watch?v=tk2eUGG-fMM']' returned non-zero exit status 1.
2026-05-16 20:47:44,403 - ERROR - Fallback download failed: Command '['yt-dlp', '--cookies-from-browser', 'firefox', '--extractor-args', 'youtube:player_client=android', '-x', '--audio-format', 'mp3', '--audio-quality', '0', '-o', 'C:\\FMP_Ultimate\\staging\\20260516_204739/%(title)s.%(ext)s', 'https://www.youtube.com/watch?v=tk2eUGG-fMM']' returned non-zero exit status 1.
2026-05-16 20:48:58,071 - ERROR - Validation failed for https://www.youtube.com/watch?v=tk2eUGG-fMM: [debug] Command-line config: ['--cookies-from-browser', 'firefox', '-j', '--flat-playlist', 'https://www.youtube.com/watch?v=tk2eUGG-fMM']
[debug] User config "C:\Users\chito\AppData\Roaming\yt-dlp\config": ['--paths', 'temp:C:fmp_temp', '--verbose', '--no-check-certificate', '--prefer-free-formats', '--add-metadata']
[debug] Encodings: locale utf-8, fs utf-8, pref utf-8, out utf-8 (No ANSI), error utf-8 (No ANSI), screen utf-8 (No ANSI)
[debug] yt-dlp version stable@2026.03.17 from yt-dlp/yt-dlp [04d6974f5] (pip)
[debug] Python 3.13.7 (CPython AMD64 64bit) - Windows-11-10.0.26200-SP0 (OpenSSL 3.0.16 11 Feb 2025)
[debug] exe versions: ffmpeg n8.0-ffmpeg-windows-build-helpers (fdk,setts), ffprobe n8.0-ffmpeg-windows-build-helpers
[debug] Optional libraries: certifi-2026.04.22, mutagen-1.47.0, requests-2.33.1, sqlite3-3.50.4, urllib3-2.6.3
[debug] JS runtimes: deno-2.7.11
[debug] Proxy map: {}
Extracting cookies from firefox
[debug] Extracting cookies from: "C:\Users\chito\AppData\Roaming\Mozilla\Firefox\Profiles\396w9658.default-release\cookies.sqlite"
[debug] Firefox cookies database version: 17
Extracted 42 cookies from firefox
[debug] Request Handlers: urllib, requests
[debug] Plugin directories: none
[debug] Loaded 1864 extractors
[debug] [youtube] Found YouTube account cookies
[debug] [youtube] [pot] PO Token Providers: none
[debug] [youtube] [pot] PO Token Cache Providers: memory
[debug] [youtube] [pot] PO Token Cache Spec Providers: webpo
[debug] [youtube] [jsc] JS Challenge Providers: bun (unavailable), deno, node (unavailable), quickjs (unavailable)
[youtube] Extracting URL: https://www.youtube.com/watch?v=tk2eUGG-fMM
[youtube] tk2eUGG-fMM: Downloading webpage
[debug] [youtube] Detected YouTube Premium subscription
[debug] [youtube] Forcing "main" player JS variant for player 2d01abf7
        original url = /s/player/2d01abf7/player_es6.vflset/en_US/base.js
[youtube] tk2eUGG-fMM: Downloading tv downgraded player API JSON
[debug] [youtube] tk2eUGG-fMM: tv_downgraded player response playability status: ERROR
[youtube] tk2eUGG-fMM: Downloading web creator client config
[debug] [youtube] tk2eUGG-fMM: Detected experiment to bind GVS PO Token to video ID for web_creator client
[youtube] tk2eUGG-fMM: Downloading player 2d01abf7-main
[youtube] tk2eUGG-fMM: Downloading web creator player API JSON
[debug] [youtube] tk2eUGG-fMM: web_creator player response playability status: ERROR
ERROR: [youtube] tk2eUGG-fMM: Video unavailable
  File "C:\Users\chito\AppData\Local\Programs\Python\Python313\Lib\site-packages\yt_dlp\extractor\common.py", line 765, in extract
    ie_result = self._real_extract(url)
  File "C:\Users\chito\AppData\Local\Programs\Python\Python313\Lib\site-packages\yt_dlp\extractor\youtube\_video.py", line 4061, in _real_extract
    self.raise_no_formats(reason, expected=True)
    ~~~~~~~~~~~~~~~~~~~~~^^^^^^^^^^^^^^^^^^^^^^^
  File "C:\Users\chito\AppData\Local\Programs\Python\Python313\Lib\site-packages\yt_dlp\extractor\common.py", line 1277, in raise_no_formats
    raise ExtractorError(msg, expected=expected, video_id=video_id)


2026-05-16 20:49:01,710 - ERROR - Fallback download failed: Command '['yt-dlp', '--cookies-from-browser', 'firefox', '-x', '--audio-format', 'mp3', '--audio-quality', '0', '-o', 'C:\\FMP_Ultimate\\staging\\20260516_204856/%(title)s.%(ext)s', 'https://www.youtube.com/watch?v=tk2eUGG-fMM']' returned non-zero exit status 1.
2026-05-16 20:49:01,710 - ERROR - Fallback download failed: Command '['yt-dlp', '--cookies-from-browser', 'firefox', '-x', '--audio-format', 'mp3', '--audio-quality', '0', '-o', 'C:\\FMP_Ultimate\\staging\\20260516_204856/%(title)s.%(ext)s', 'https://www.youtube.com/watch?v=tk2eUGG-fMM']' returned non-zero exit status 1.
2026-05-16 20:49:01,785 - ERROR - Quality verification execution crash: Command '['ffprobe', '-v', 'error', '-select_streams', 'a:0', '-show_entries', 'stream=channels,sample_rate', '-of', 'json', 'C:\\FMP_Ultimate\\staging\\20260516_204856\\blind_pass_through.mp3']' returned non-zero exit status 1.
2026-05-16 20:49:01,785 - ERROR - Quality verification execution crash: Command '['ffprobe', '-v', 'error', '-select_streams', 'a:0', '-show_entries', 'stream=channels,sample_rate', '-of', 'json', 'C:\\FMP_Ultimate\\staging\\20260516_204856\\blind_pass_through.mp3']' returned non-zero exit status 1.
2026-05-16 20:50:13,724 - ERROR - Validation failed for https://www.youtube.com/watch?v=tk2eUGG-fMM: [debug] Command-line config: ['--cookies-from-browser', 'firefox', '-j', '--flat-playlist', 'https://www.youtube.com/watch?v=tk2eUGG-fMM']
[debug] User config "C:\Users\chito\AppData\Roaming\yt-dlp\config": ['--paths', 'temp:C:fmp_temp', '--verbose', '--no-check-certificate', '--prefer-free-formats', '--add-metadata']
[debug] Encodings: locale utf-8, fs utf-8, pref utf-8, out utf-8 (No ANSI), error utf-8 (No ANSI), screen utf-8 (No ANSI)
[debug] yt-dlp version stable@2026.03.17 from yt-dlp/yt-dlp [04d6974f5] (pip)
[debug] Python 3.13.7 (CPython AMD64 64bit) - Windows-11-10.0.26200-SP0 (OpenSSL 3.0.16 11 Feb 2025)
[debug] exe versions: ffmpeg n8.0-ffmpeg-windows-build-helpers (fdk,setts), ffprobe n8.0-ffmpeg-windows-build-helpers
[debug] Optional libraries: certifi-2026.04.22, mutagen-1.47.0, requests-2.33.1, sqlite3-3.50.4, urllib3-2.6.3
[debug] JS runtimes: deno-2.7.11
[debug] Proxy map: {}
Extracting cookies from firefox
[debug] Extracting cookies from: "C:\Users\chito\AppData\Roaming\Mozilla\Firefox\Profiles\396w9658.default-release\cookies.sqlite"
[debug] Firefox cookies database version: 17
Extracted 42 cookies from firefox
[debug] Request Handlers: urllib, requests
[debug] Plugin directories: none
[debug] Loaded 1864 extractors
[debug] [youtube] Found YouTube account cookies
[debug] [youtube] [pot] PO Token Providers: none
[debug] [youtube] [pot] PO Token Cache Providers: memory
[debug] [youtube] [pot] PO Token Cache Spec Providers: webpo
[debug] [youtube] [jsc] JS Challenge Providers: bun (unavailable), deno, node (unavailable), quickjs (unavailable)
[youtube] Extracting URL: https://www.youtube.com/watch?v=tk2eUGG-fMM
[youtube] tk2eUGG-fMM: Downloading webpage
[debug] [youtube] Detected YouTube Premium subscription
[debug] [youtube] Forcing "main" player JS variant for player 2d01abf7
        original url = /s/player/2d01abf7/player_es6.vflset/en_US/base.js
[youtube] tk2eUGG-fMM: Downloading tv downgraded player API JSON
[debug] [youtube] tk2eUGG-fMM: tv_downgraded player response playability status: ERROR
[youtube] tk2eUGG-fMM: Downloading web creator client config
[debug] [youtube] tk2eUGG-fMM: Detected experiment to bind GVS PO Token to video ID for web_creator client
[youtube] tk2eUGG-fMM: Downloading player 2d01abf7-main
[youtube] tk2eUGG-fMM: Downloading web creator player API JSON
[debug] [youtube] tk2eUGG-fMM: web_creator player response playability status: ERROR
ERROR: [youtube] tk2eUGG-fMM: Video unavailable
  File "C:\Users\chito\AppData\Local\Programs\Python\Python313\Lib\site-packages\yt_dlp\extractor\common.py", line 765, in extract
    ie_result = self._real_extract(url)
  File "C:\Users\chito\AppData\Local\Programs\Python\Python313\Lib\site-packages\yt_dlp\extractor\youtube\_video.py", line 4061, in _real_extract
    self.raise_no_formats(reason, expected=True)
    ~~~~~~~~~~~~~~~~~~~~~^^^^^^^^^^^^^^^^^^^^^^^
  File "C:\Users\chito\AppData\Local\Programs\Python\Python313\Lib\site-packages\yt_dlp\extractor\common.py", line 1277, in raise_no_formats
    raise ExtractorError(msg, expected=expected, video_id=video_id)


2026-05-16 20:50:18,051 - ERROR - Fallback download failed: Command '['yt-dlp', '--cookies-from-browser', 'firefox', '-x', '--audio-format', 'mp3', '--audio-quality', '0', '-o', 'C:\\FMP_Ultimate\\staging\\20260516_205011/%(title)s.%(ext)s', 'https://www.youtube.com/watch?v=tk2eUGG-fMM']' returned non-zero exit status 1.
2026-05-16 20:50:18,051 - ERROR - Fallback download failed: Command '['yt-dlp', '--cookies-from-browser', 'firefox', '-x', '--audio-format', 'mp3', '--audio-quality', '0', '-o', 'C:\\FMP_Ultimate\\staging\\20260516_205011/%(title)s.%(ext)s', 'https://www.youtube.com/watch?v=tk2eUGG-fMM']' returned non-zero exit status 1.
2026-05-16 20:55:02,215 - ERROR - Validation failed for https://www.youtube.com/watch?v=tk2eUGG-fMM: [debug] Command-line config: ['--cookies-from-browser', 'firefox', '-j', '--flat-playlist', 'https://www.youtube.com/watch?v=tk2eUGG-fMM']
[debug] User config "C:\Users\chito\AppData\Roaming\yt-dlp\config": ['--paths', 'temp:C:fmp_temp', '--verbose', '--no-check-certificate', '--prefer-free-formats', '--add-metadata']
[debug] Encodings: locale utf-8, fs utf-8, pref utf-8, out utf-8 (No ANSI), error utf-8 (No ANSI), screen utf-8 (No ANSI)
[debug] yt-dlp version stable@2026.03.17 from yt-dlp/yt-dlp [04d6974f5] (pip)
[debug] Python 3.13.7 (CPython AMD64 64bit) - Windows-11-10.0.26200-SP0 (OpenSSL 3.0.16 11 Feb 2025)
[debug] exe versions: ffmpeg n8.0-ffmpeg-windows-build-helpers (fdk,setts), ffprobe n8.0-ffmpeg-windows-build-helpers
[debug] Optional libraries: certifi-2026.04.22, mutagen-1.47.0, requests-2.33.1, sqlite3-3.50.4, urllib3-2.6.3
[debug] JS runtimes: deno-2.7.11
[debug] Proxy map: {}
Extracting cookies from firefox
[debug] Extracting cookies from: "C:\Users\chito\AppData\Roaming\Mozilla\Firefox\Profiles\396w9658.default-release\cookies.sqlite"
[debug] Firefox cookies database version: 17
Extracted 42 cookies from firefox
[debug] Request Handlers: urllib, requests
[debug] Plugin directories: none
[debug] Loaded 1864 extractors
[debug] [youtube] Found YouTube account cookies
[debug] [youtube] [pot] PO Token Providers: none
[debug] [youtube] [pot] PO Token Cache Providers: memory
[debug] [youtube] [pot] PO Token Cache Spec Providers: webpo
[debug] [youtube] [jsc] JS Challenge Providers: bun (unavailable), deno, node (unavailable), quickjs (unavailable)
[youtube] Extracting URL: https://www.youtube.com/watch?v=tk2eUGG-fMM
[youtube] tk2eUGG-fMM: Downloading webpage
[debug] [youtube] Detected YouTube Premium subscription
[debug] [youtube] Forcing "main" player JS variant for player 2d01abf7
        original url = /s/player/2d01abf7/player_es6.vflset/en_US/base.js
[youtube] tk2eUGG-fMM: Downloading tv downgraded player API JSON
[debug] [youtube] tk2eUGG-fMM: tv_downgraded player response playability status: ERROR
[youtube] tk2eUGG-fMM: Downloading web creator client config
[debug] [youtube] tk2eUGG-fMM: Detected experiment to bind GVS PO Token to video ID for web_creator client
[youtube] tk2eUGG-fMM: Downloading player 2d01abf7-main
[youtube] tk2eUGG-fMM: Downloading web creator player API JSON
[debug] [youtube] tk2eUGG-fMM: web_creator player response playability status: ERROR
ERROR: [youtube] tk2eUGG-fMM: Video unavailable
  File "C:\Users\chito\AppData\Local\Programs\Python\Python313\Lib\site-packages\yt_dlp\extractor\common.py", line 765, in extract
    ie_result = self._real_extract(url)
  File "C:\Users\chito\AppData\Local\Programs\Python\Python313\Lib\site-packages\yt_dlp\extractor\youtube\_video.py", line 4061, in _real_extract
    self.raise_no_formats(reason, expected=True)
    ~~~~~~~~~~~~~~~~~~~~~^^^^^^^^^^^^^^^^^^^^^^^
  File "C:\Users\chito\AppData\Local\Programs\Python\Python313\Lib\site-packages\yt_dlp\extractor\common.py", line 1277, in raise_no_formats
    raise ExtractorError(msg, expected=expected, video_id=video_id)


2026-05-16 20:55:06,309 - ERROR - Fallback download failed: Command '['yt-dlp', '--cookies-from-browser', 'firefox', '-x', '--audio-format', 'mp3', '--audio-quality', '0', '-o', 'C:\\FMP_Ultimate\\staging\\20260516_205500/%(title)s.%(ext)s', 'https://www.youtube.com/watch?v=tk2eUGG-fMM']' returned non-zero exit status 1.
2026-05-16 20:55:06,309 - ERROR - Fallback download failed: Command '['yt-dlp', '--cookies-from-browser', 'firefox', '-x', '--audio-format', 'mp3', '--audio-quality', '0', '-o', 'C:\\FMP_Ultimate\\staging\\20260516_205500/%(title)s.%(ext)s', 'https://www.youtube.com/watch?v=tk2eUGG-fMM']' returned non-zero exit status 1.
2026-05-18 13:34:28,367 - ERROR - Fallback download failed: Command '['yt-dlp', '--cookies-from-browser', 'firefox', '-x', '--audio-format', 'mp3', '--audio-quality', '0', '-o', 'C:\\FMP_Ultimate\\staging\\20260518_133353/%(title)s.%(ext)s', 'https://music.youtube.com/watch?v=Cc8mfnR4VCU&si=zxD0wXkiRPXk_VYO']' returned non-zero exit status 1.
2026-05-25 22:18:36,205 - ERROR - Validation failed for https://music.youtube.com/playlist?list=xyz: [debug] Command-line config: ['--cookies-from-browser', 'firefox', '-j', '--flat-playlist', 'https://music.youtube.com/playlist?list=xyz']
[debug] User config "C:\Users\chito\AppData\Roaming\yt-dlp\config": ['--paths', 'temp:C:fmp_temp', '--verbose', '--no-check-certificate', '--prefer-free-formats', '--add-metadata']
[debug] Encodings: locale utf-8, fs utf-8, pref utf-8, out utf-8 (No ANSI), error utf-8 (No ANSI), screen utf-8 (No ANSI)
[debug] yt-dlp version stable@2026.03.17 from yt-dlp/yt-dlp [04d6974f5] (pip)
[debug] Python 3.13.7 (CPython AMD64 64bit) - Windows-11-10.0.26200-SP0 (OpenSSL 3.0.16 11 Feb 2025)
[debug] exe versions: ffmpeg n8.0-ffmpeg-windows-build-helpers (fdk,setts), ffprobe n8.0-ffmpeg-windows-build-helpers
[debug] Optional libraries: certifi-2026.04.22, mutagen-1.47.0, requests-2.33.1, sqlite3-3.50.4, urllib3-2.6.3
[debug] JS runtimes: deno-2.7.11
[debug] Proxy map: {}
Extracting cookies from firefox
[debug] Extracting cookies from: "C:\Users\chito\AppData\Roaming\Mozilla\Firefox\Profiles\396w9658.default-release\cookies.sqlite"
[debug] Firefox cookies database version: 17
Extracted 42 cookies from firefox
[debug] Request Handlers: urllib, requests
[debug] Plugin directories: none
[debug] Loaded 1864 extractors
[debug] [youtube:tab] Found YouTube account cookies
[youtube:tab] Extracting URL: https://music.youtube.com/playlist?list=xyz
WARNING: [youtube:tab] YouTube Music is not directly supported. Redirecting to https://www.youtube.com/playlist?list=xyz
[youtube:tab] xyz: Downloading webpage
WARNING: [youtube:tab] HTTP Error 404: Not Found. Retrying (1/3)...
[youtube:tab] xyz: Downloading webpage
WARNING: [youtube:tab] HTTP Error 404: Not Found. Retrying (2/3)...
[youtube:tab] xyz: Downloading webpage
WARNING: [youtube:tab] HTTP Error 404: Not Found. Retrying (3/3)...
[youtube:tab] xyz: Downloading webpage
WARNING: [youtube:tab] Unable to download webpage: HTTP Error 404: Not Found (caused by <HTTPError 404: Not Found>). Giving up after 3 retries
ERROR: [youtube:tab] xyz: Playlists that require authentication may not extract correctly without a successful webpage download. If you are not downloading private content, or your cookies are only for the first account and channel, pass "--extractor-args youtubetab:skip=authcheck" to skip this check
  File "C:\Users\chito\AppData\Local\Programs\Python\Python313\Lib\site-packages\yt_dlp\extractor\common.py", line 765, in extract
    ie_result = self._real_extract(url)
  File "C:\Users\chito\AppData\Local\Programs\Python\Python313\Lib\site-packages\yt_dlp\extractor\youtube\_tab.py", line 54, in wrapper
    info_dict = func(self, url, smuggled_data)
  File "C:\Users\chito\AppData\Local\Programs\Python\Python313\Lib\site-packages\yt_dlp\extractor\youtube\_tab.py", line 2183, in _real_extract
    data, ytcfg = self._extract_data(url, display_id)
                  ~~~~~~~~~~~~~~~~~~^^^^^^^^^^^^^^^^^
  File "C:\Users\chito\AppData\Local\Programs\Python\Python313\Lib\site-packages\yt_dlp\extractor\youtube\_tab.py", line 947, in _extract_data
    self._report_playlist_authcheck(ytcfg, fatal=fatal)
    ~~~~~~~~~~~~~~~~~~~~~~~~~~~~~~~^^^^^^^^^^^^^^^^^^^^
  File "C:\Users\chito\AppData\Local\Programs\Python\Python313\Lib\site-packages\yt_dlp\extractor\youtube\_tab.py", line 925, in _report_playlist_authcheck
    raise ExtractorError(
    ...<3 lines>...
        expected=True)


2026-05-27 07:34:55,667 - ERROR - FTP Shows fetch error: 
2026-05-27 07:45:26,119 - ERROR - FTP Shows fetch error: 
2026-05-27 07:52:20,726 - ERROR - FTP Connection failed after 3 attempts: 
2026-05-27 07:52:20,739 - ERROR - Vaulting failure for Aaliyah - Are You That Somebody (Audio).mp3: 
2026-05-27 07:52:55,477 - ERROR - FTP Connection failed after 3 attempts: 
2026-05-27 07:52:55,486 - ERROR - Vaulting failure for Usher - Confessions Part II [Confessions (Expanded Edition)].mp3: 
2026-05-27 07:53:28,823 - ERROR - FTP Connection failed after 3 attempts: 
2026-05-27 07:53:28,832 - ERROR - Vaulting failure for Mary J. Blige - Family Affair [No More Drama].mp3: 
2026-05-27 07:53:55,240 - ERROR - FTP Connection failed after 3 attempts: 
2026-05-27 07:53:55,249 - ERROR - Vaulting failure for Soul For Real - Candy Rain [Candy Rain].mp3: 
2026-05-27 07:54:29,967 - ERROR - FTP Connection failed after 3 attempts: 
2026-05-27 07:54:29,972 - ERROR - Vaulting failure for Bell Biv DeVoe - Poison [Poison].mp3: 
2026-05-27 07:55:01,723 - ERROR - FTP Connection failed after 3 attempts: 
2026-05-27 07:55:01,726 - ERROR - Vaulting failure for Mariah Carey - We Belong Together [The Emancipation of Mimi].mp3: 
2026-05-27 07:55:20,938 - ERROR - FTP Connection failed after 3 attempts: 
2026-05-27 07:55:20,943 - ERROR - Vaulting failure for Keyshia Cole - Love (Alt. Version) (Official Music Video).mp3: 
2026-05-27 07:55:41,362 - ERROR - FTP Connection failed after 3 attempts: 
2026-05-27 07:55:41,368 - ERROR - Vaulting failure for Ella Mai - Boo'd Up.mp3: 
2026-05-27 07:56:08,964 - ERROR - FTP Connection failed after 3 attempts: 
2026-05-27 07:56:08,969 - ERROR - Vaulting failure for Fugees - Killing Me Softly with His Song [The Score].mp3: 
2026-05-27 07:56:39,382 - ERROR - FTP Connection failed after 3 attempts: 
2026-05-27 07:56:39,391 - ERROR - Vaulting failure for Roberta Flack - I (Who Have Nothing) [Roberta Flack & Donny Hathaway].mp3: 
2026-05-27 07:57:11,780 - ERROR - FTP Connection failed after 3 attempts: 
2026-05-27 07:57:11,814 - ERROR - Vaulting failure for Nelly - Dilemma (feat. Kelly Rowland) [Nellyville].mp3: 
2026-05-27 07:57:50,925 - ERROR - FTP Connection failed after 3 attempts: 
2026-05-27 07:57:50,937 - ERROR - Vaulting failure for Mario - Let Me Love You [Turning Point].mp3: 
2026-05-27 07:58:21,105 - ERROR - FTP Connection failed after 3 attempts: 
2026-05-27 07:58:21,114 - ERROR - Vaulting failure for Michael Jackson - Remember the Time [Dangerous].mp3: 
2026-05-27 07:58:51,091 - ERROR - FTP Connection failed after 3 attempts: 
2026-05-27 07:58:51,113 - ERROR - Vaulting failure for Busta Rhymes - I Know What You Want (feat. Flipmode Squad) [It Ain't Safe No More. . .].mp3: 
2026-05-27 07:59:20,612 - ERROR - FTP Connection failed after 3 attempts: 
2026-05-27 07:59:20,616 - ERROR - Vaulting failure for Brandy - The Boy Is Mine [Never Say Never].mp3: 
2026-05-27 07:59:48,816 - ERROR - FTP Connection failed after 3 attempts: 
2026-05-27 07:59:48,821 - ERROR - Vaulting failure for Ne-Yo - So Sick [In My Own Words].mp3: 
2026-05-27 08:00:17,136 - ERROR - FTP Connection failed after 3 attempts: 
2026-05-27 08:00:17,140 - ERROR - Vaulting failure for Destiny's Child - Say My Name [The Writing's On The Wall].mp3: 
2026-05-27 08:00:36,723 - ERROR - FTP Connection failed after 3 attempts: 
2026-05-27 08:00:36,729 - ERROR - Vaulting failure for Mariah Carey - Always Be My Baby (Official Music Video).mp3: 
